=== ARMC cam1 v2c_study_0700 ===
cam1 GT-free bank — 07:00:00+120min, 5837 usable tracks, agreement rate 63%, bearing-rebinned 927
cell                          n  share straight bearing_res  status
L23->L22 through           1831  37.0%    0.999  [0.1, 2.0]  ok
L22->L23 through           1667  33.7%    1.000  [1.5, 1.3]  ok
L22->L24 left               458   9.2%    0.486  [0.7, 2.4]  ok
L22->L25 right              293   5.9%    1.000  [1.2, 1.2]  ok  [WARN straight turn]
L23->L24 right              179   3.6%    1.000 [7.2, 11.4]  ok  [WARN straight turn]
L25->L22 left               144   2.9%    0.913 [18.0, 1.7]  ok
L25->L24 through            122   2.5%    0.991 [18.8, 1.6]  ok
L24->L23 left                68   1.4%    0.997 [14.2, 0.1]  ok  [WARN straight turn]
L24->L22 right               64   1.3%    0.493  [7.9, 1.8]  ok
L23->L25 left                61   1.2%    0.960 [1.0, 37.7]  ok  [WARN straight turn]
L25->L23 right               53   1.1%    0.968 [72.6, 1.1]  BEARING_REJECTED
L24->L25 through             13   0.3%    0.680[11.2, 86.3]  BEARING_REJECTED
!! MISSING MOVEMENTS: 2 cardinal-legal movement(s) have NO path — DRAW A CHANNEL for the ones that exist:
     L24->L25 through
     L25->L23 right

wrote data\projects\97a7849a\_replay_scratch\v2_confound\armC\twopass_bank_cam1_v2c_study_0700.json (10 paths) + data\projects\97a7849a\_replay_scratch\v2_confound\armC\twopass_bank_cam1_v2c_study_0700_qa.json
[pass2] cam1 v2c_study_0700: tracks=6728 events=4972 insufficient=1695 merge_kept=1339 merged_away=108 out=data\projects\97a7849a\_replay_scratch\v2_confound\armC\twopass_cam1_v2c_study_0700.db (86s)

=== armC_cam1_v2c_study_0700 (cam1 study_0700, 120 Mio minutes) ===
5/95 cell-bins: V2 54.1% (59/109)  |  PRODUCTION 60.5% (49/81)
        cell    Mio     V2   prod
     EB left     86    140     91
    EB right    191    206    161
     EB thru      2      3      4
    EB uturn      4      1      1
     NB left    382    582    526
    NB right      3    103     77
     NB thru   2141   1790   1821
    NB uturn      2     43      3
     SB left      1     40      0
    SB right    102    169    129
     SB thru   1756   1716   1748
    SB uturn      0     28      0
     WB left      0     12      0
    WB right      1     12      1
     WB thru      1     25     38
    WB uturn      0      5      0
-> runs\v2_week1\score_armC_cam1_v2c_study_0700.json
=== ARMC cam1 v2c_study_1600 ===
cam1 GT-free bank — 16:00:00+120min, 7689 usable tracks, agreement rate 63%, bearing-rebinned 1669
cell                          n  share straight bearing_res  status
L23->L22 through           3205  49.0%    0.999  [0.2, 2.6]  ok
L22->L23 through           1987  30.4%    1.000  [2.6, 0.5]  ok
L24->L22 right              319   4.9%    0.518  [4.5, 3.5]  ok
L22->L24 left               263   4.0%    0.577  [2.2, 5.1]  ok
L23->L24 right              257   3.9%    1.000  [9.0, 7.6]  ok  [WARN straight turn]
L24->L23 left               164   2.5%    0.997 [11.2, 1.1]  ok  [WARN straight turn]
L25->L23 right               94   1.4%    0.999 [46.0, 0.4]  ok  [WARN straight turn]
L25->L22 left                76   1.2%    0.960 [63.2, 3.4]  BEARING_REJECTED
L23->L25 left                70   1.1%    0.999 [1.8, 15.0]  ok  [WARN straight turn]
L22->L25 right               42   0.6%    0.932 [3.1, 63.7]  BEARING_REJECTED
L25->L24 through             30   0.5%    0.952 [28.5, 5.6]  ok
L24->L25 through             29   0.4%    0.981 [4.0, 45.9]  MINOR_REJECTED (member spread 45px)
L23->L25 left: DEDUP_DROPPED (coincides with better-supported L23->L22)
!! AMBIGUITY: 1 polyline pairs closer than 30.0px mean — see QA report
!! MISSING MOVEMENTS: 4 cardinal-legal movement(s) have NO path — DRAW A CHANNEL for the ones that exist:
     L22->L25 right
     L23->L25 left
     L24->L25 through
     L25->L22 left

wrote data\projects\97a7849a\_replay_scratch\v2_confound\armC\twopass_bank_cam1_v2c_study_1600.json (8 paths) + data\projects\97a7849a\_replay_scratch\v2_confound\armC\twopass_bank_cam1_v2c_study_1600_qa.json
[pass2] cam1 v2c_study_1600: tracks=8938 events=6440 insufficient=2414 merge_kept=1424 merged_away=471 out=data\projects\97a7849a\_replay_scratch\v2_confound\armC\twopass_cam1_v2c_study_1600.db (107s)

=== armC_cam1_v2c_study_1600 (cam1 study_1600, 120 Mio minutes) ===
5/95 cell-bins: V2 45.8% (54/118)  |  PRODUCTION 54.5% (48/88)
        cell    Mio     V2   prod
     EB left    105    182    114
    EB right    497    350    287
     EB thru      1      4      1
    EB uturn     13      7      6
     NB left    229    289    291
    NB right      2    105     65
     NB thru   2078   1949   1985
    NB uturn      1     58      3
     SB left      1     70      3
    SB right    131    251    190
     SB thru   2498   2614   2814
    SB uturn      0     61      2
     WB left     13     25      6
    WB right      2     24      0
     WB thru      3     18     11
    WB uturn      0      8      0
-> runs\v2_week1\score_armC_cam1_v2c_study_1600.json
=== ARMC cam4 v2c_study_1100 ===
cam4 GT-free bank — 11:00:00+120min, 4302 usable tracks, agreement rate 87%, bearing-rebinned 325
cell                          n  share straight bearing_res  status
L35->L33 through           2085  51.7%    0.989  [1.4, 3.3]  ok
L33->L35 through           1818  45.1%    0.999  [0.3, 0.7]  ok
L35->L34 left                76   1.9%    0.985 [2.0, 77.2]  BEARING_REJECTED
L34->L35 right               24   0.6%    0.998 [43.6, 0.8]  MINOR_REJECTED (member spread 75px)
L34->L33 left                19   0.5%    0.495[13.0, 10.8]  MINOR_REJECTED (member spread 84px)
L33->L34 right               11   0.3%    0.747 [3.2, 87.2]  BEARING_REJECTED
!! LEG SANITY: leg 34 calibrated 119.4deg but traffic enters at 216.5deg — check label/heading
!! MISSING MOVEMENTS: 4 cardinal-legal movement(s) have NO path — DRAW A CHANNEL for the ones that exist:
     L33->L34 right
     L34->L33 left
     L34->L35 right
     L35->L34 left

wrote data\projects\97a7849a\_replay_scratch\v2_confound\armC\twopass_bank_cam4_v2c_study_1100.json (2 paths) + data\projects\97a7849a\_replay_scratch\v2_confound\armC\twopass_bank_cam4_v2c_study_1100_qa.json
[pass2] cam4 v2c_study_1100: tracks=4970 events=3776 insufficient=1152 merge_kept=141 merged_away=24 out=data\projects\97a7849a\_replay_scratch\v2_confound\armC\twopass_cam4_v2c_study_1100.db (122s)

=== armC_cam4_v2c_study_1100 (cam4 study_1100, 120 Mio minutes) ===
5/95 cell-bins: V2 57.4% (31/54)  |  PRODUCTION 69.4% (34/49)
        cell    Mio     V2   prod
     EB left     20     59     43
    EB right      6      1      0
     EB thru      0      3      4
    EB uturn      0      0      0
     NB left     17      2      1
     NB thru   1546   1727   1524
    NB uturn      4     10      1
    SB right     16     64     92
     SB thru   1640   1883   1670
    SB uturn      2      5      0
-> runs\v2_week1\score_armC_cam4_v2c_study_1100.json
ARMC_CLEAN_DONE
