loaded 16 operator channels from the channels table
cam2 GT-free bank — 07:00:00+120min, 6253 usable tracks, agreement rate 47%, bearing-rebinned 26
cell                          n  share straight bearing_res  status
L26->L26 u_turn              65     --       --          --  UTURN_HELDOUT (26/65 reverse, frac 0.40)
L26->L27 right              329     --       --          --  CHANNEL_DIRECT (drawn curve, support 329)
L26->L28 through            357     --       --          --  CHANNEL_DIRECT (drawn curve, support 357)
L26->L29 left                42     --       --          --  CHANNEL_DIRECT (drawn curve, support 42)
L27->L26 left               500     --       --          --  CHANNEL_DIRECT (drawn curve, support 500)
L27->L27 u_turn              36     --       --          --  UTURN_HELDOUT (15/36 reverse, frac 0.42)
L27->L28 right              114     --       --          --  CHANNEL_DIRECT (drawn curve, support 114)
L27->L29 through            735     --       --          --  CHANNEL_DIRECT (drawn curve, support 735)
L28->L26 through            154     --       --          --  CHANNEL_DIRECT (drawn curve, support 154)
L28->L27 left               124     --       --          --  CHANNEL_DIRECT (drawn curve, support 124)
    (u-turn L28->L28 u_turn ADMITTED: 86/155 reverse, frac 0.55)
L28->L28 u_turn             155     --       --          --  CHANNEL_DIRECT (drawn curve, support 155)
L28->L29 right              399     --       --          --  CHANNEL_DIRECT (drawn curve, support 399)
L29->L26 right               63     --       --          --  CHANNEL_DIRECT (drawn curve, support 63)
L29->L27 through           1557     --       --          --  CHANNEL_DIRECT (drawn curve, support 1557)
L29->L28 left              1539     --       --          --  CHANNEL_DIRECT (drawn curve, support 1539)
L29->L29 u_turn              84     --       --          --  UTURN_HELDOUT (38/84 reverse, frac 0.45)

wrote data\projects\97a7849a\_replay_scratch\v2_week1\twopass_bank_cam2_study_0700.json (13 paths) + data\projects\97a7849a\_replay_scratch\v2_week1\twopass_bank_cam2_study_0700_qa.json
[pass2] cam2 study_0700: tracks=8320 events=5734 insufficient=2442 merge_kept=1540 merged_away=237 out=data\projects\97a7849a\_replay_scratch\v2_week1\twopass_cam2_study_0700.db (625s)
