=== FM51 cam2 ftv2n_am ===
loaded 9 operator channels from the channels table
cam2 GT-free bank — 07:00:00+120min, 1545 usable tracks, agreement rate 12%, bearing-rebinned 10
cell                          n  share straight bearing_res  status
L1->L2 through              859     --       --          --  CHANNEL_DIRECT (drawn curve, support 859)
L1->L3 u_turn                 1     --       --          --  UTURN_HELDOUT (0/1 reverse, frac 0.00)
L1->L4 right                  2     --       --          --  CHANNEL_DIRECT (drawn curve, support 2)
L2->L1 through              590     --       --          --  CHANNEL_DIRECT (drawn curve, support 590)
L2->L3 left                  32     --       --          --  CHANNEL_DIRECT (drawn curve, support 32)
L2->L4 u_turn                 3     --       --          --  UTURN_HELDOUT (0/3 reverse, frac 0.00)
L3->L1 left                   3     --       --          --  CHANNEL_DIRECT (drawn curve, support 3)
L3->L2 right                 48     --       --          --  CHANNEL_DIRECT (drawn curve, support 48)
L3->L4 through                2     --       --          --  CHANNEL_DIRECT (drawn curve, support 2)
!! MISSING MOVEMENTS: 1 cardinal-legal movement(s) have NO path — DRAW A CHANNEL for the ones that exist:
     L1->L3 right

wrote data\projects\0acb12c0\_replay_scratch\v2_week1\twopass_bank_cam2_ftv2n_am.json (7 paths) + data\projects\0acb12c0\_replay_scratch\v2_week1\twopass_bank_cam2_ftv2n_am_qa.json
[pass2] cam2 ftv2n_am: tracks=2604 events=1610 insufficient=833 merge_kept=113 merged_away=3 out=data\projects\0acb12c0\_replay_scratch\v2_week1\twopass_cam2_ftv2n_am.db (25s)
[extend] cam2 ftv2n_am -> v2c_ftv2n_am: 2604 tracks, 1848 endpoints extended (+28412 rows) -> data\projects\0acb12c0\detections\2\d7228fb222a0d8446f9d4411a1265f55d3f3f3a7a73971fa7b18d286c7de858f\v2c_ftv2n_am.tracks (6s)
loaded 9 operator channels from the channels table
cam2 GT-free bank — 07:00:00+120min, 2127 usable tracks, agreement rate 18%, bearing-rebinned 5
cell                          n  share straight bearing_res  status
L1->L2 through             1243     --       --          --  CHANNEL_DIRECT (drawn curve, support 1243)
    (u-turn L1->L3 u_turn ADMITTED: 5/10 reverse, frac 0.50)
L1->L3 u_turn                10     --       --          --  CHANNEL_DIRECT (drawn curve, support 10)
L1->L4 right                  6     --       --          --  CHANNEL_DIRECT (drawn curve, support 6)
L2->L1 through              653     --       --          --  CHANNEL_DIRECT (drawn curve, support 653)
L2->L3 left                 100     --       --          --  CHANNEL_DIRECT (drawn curve, support 100)
L2->L4 u_turn                29     --       --          --  UTURN_HELDOUT (6/29 reverse, frac 0.21)
L3->L1 left                   9     --       --          --  CHANNEL_DIRECT (drawn curve, support 9)
L3->L2 right                 61     --       --          --  CHANNEL_DIRECT (drawn curve, support 61)
L3->L4 through                6     --       --          --  CHANNEL_DIRECT (drawn curve, support 6)

wrote data\projects\0acb12c0\_replay_scratch\v2_week1\twopass_bank_cam2_v2c_ftv2n_am.json (8 paths) + data\projects\0acb12c0\_replay_scratch\v2_week1\twopass_bank_cam2_v2c_ftv2n_am_qa.json
[pass2] cam2 v2c_ftv2n_am: tracks=2604 events=1834 insufficient=711 merge_kept=237 merged_away=59 out=data\projects\0acb12c0\_replay_scratch\v2_week1\twopass_cam2_v2c_ftv2n_am.db (51s)
=== FM51 cam2 ftv2n_pm ===
loaded 9 operator channels from the channels table
cam2 GT-free bank — 16:00:00+120min, 1931 usable tracks, agreement rate 10%, bearing-rebinned 7
cell                          n  share straight bearing_res  status
L1->L2 through              804     --       --          --  CHANNEL_DIRECT (drawn curve, support 804)
L1->L3 u_turn                 0     --       --          --  UTURN_HELDOUT (0/0 reverse, frac 0.00)
L1->L4 right                  1     --       --          --  CHANNEL_DIRECT (drawn curve, support 1)
L2->L1 through             1059     --       --          --  CHANNEL_DIRECT (drawn curve, support 1059)
L2->L3 left                  39     --       --          --  CHANNEL_DIRECT (drawn curve, support 39)
L2->L4 u_turn                 5     --       --          --  UTURN_HELDOUT (1/5 reverse, frac 0.20)
L3->L1 left                   5     --       --          --  CHANNEL_DIRECT (drawn curve, support 5)
L3->L2 right                 13     --       --          --  CHANNEL_DIRECT (drawn curve, support 13)
L3->L4 through                1     --       --          --  CHANNEL_DIRECT (drawn curve, support 1)
!! MISSING MOVEMENTS: 1 cardinal-legal movement(s) have NO path — DRAW A CHANNEL for the ones that exist:
     L1->L3 right

wrote data\projects\0acb12c0\_replay_scratch\v2_week1\twopass_bank_cam2_ftv2n_pm.json (7 paths) + data\projects\0acb12c0\_replay_scratch\v2_week1\twopass_bank_cam2_ftv2n_pm_qa.json
[pass2] cam2 ftv2n_pm: tracks=3250 events=2045 insufficient=967 merge_kept=84 merged_away=4 out=data\projects\0acb12c0\_replay_scratch\v2_week1\twopass_cam2_ftv2n_pm.db (28s)
[extend] cam2 ftv2n_pm -> v2c_ftv2n_pm: 3250 tracks, 2484 endpoints extended (+36199 rows) -> data\projects\0acb12c0\detections\2\d7228fb222a0d8446f9d4411a1265f55d3f3f3a7a73971fa7b18d286c7de858f\v2c_ftv2n_pm.tracks (4s)
loaded 9 operator channels from the channels table
cam2 GT-free bank — 16:00:00+120min, 2707 usable tracks, agreement rate 17%, bearing-rebinned 3
cell                          n  share straight bearing_res  status
L1->L2 through             1276     --       --          --  CHANNEL_DIRECT (drawn curve, support 1276)
L1->L3 u_turn                 3     --       --          --  UTURN_HELDOUT (1/3 reverse, frac 0.33)
L1->L4 right                  3     --       --          --  CHANNEL_DIRECT (drawn curve, support 3)
L2->L1 through             1285     --       --          --  CHANNEL_DIRECT (drawn curve, support 1285)
L2->L3 left                  50     --       --          --  CHANNEL_DIRECT (drawn curve, support 50)
L2->L4 u_turn                46     --       --          --  UTURN_HELDOUT (13/46 reverse, frac 0.28)
L3->L1 left                  12     --       --          --  CHANNEL_DIRECT (drawn curve, support 12)
L3->L2 right                 15     --       --          --  CHANNEL_DIRECT (drawn curve, support 15)
L3->L4 through                1     --       --          --  CHANNEL_DIRECT (drawn curve, support 1)
!! MISSING MOVEMENTS: 1 cardinal-legal movement(s) have NO path — DRAW A CHANNEL for the ones that exist:
     L1->L3 right

wrote data\projects\0acb12c0\_replay_scratch\v2_week1\twopass_bank_cam2_v2c_ftv2n_pm.json (7 paths) + data\projects\0acb12c0\_replay_scratch\v2_week1\twopass_bank_cam2_v2c_ftv2n_pm_qa.json
[pass2] cam2 v2c_ftv2n_pm: tracks=3250 events=2361 insufficient=825 merge_kept=104 merged_away=5 out=data\projects\0acb12c0\_replay_scratch\v2_week1\twopass_cam2_v2c_ftv2n_pm.db (34s)
FM51_CHAIN_DONE
