loaded 9 operator channels from the channels table
cam2 GT-free bank — 07:00:00+120min, 1486 usable tracks, agreement rate 11%, bearing-rebinned 2
cell                          n  share straight bearing_res  status
L1->L2 through              945     --       --          --  CHANNEL_DIRECT (drawn curve, support 945)
L1->L3 u_turn                 5     --       --          --  UTURN_HELDOUT (2/5 reverse, frac 0.40)
L1->L4 right                  2     --       --          --  CHANNEL_DIRECT (drawn curve, support 2)
L2->L1 through              436     --       --          --  CHANNEL_DIRECT (drawn curve, support 436)
L2->L3 left                  27     --       --          --  CHANNEL_DIRECT (drawn curve, support 27)
L2->L4 u_turn                 9     --       --          --  UTURN_HELDOUT (2/9 reverse, frac 0.22)
L3->L1 left                   1     --       --          --  CHANNEL_DIRECT (drawn curve, support 1)
L3->L2 right                 57     --       --          --  CHANNEL_DIRECT (drawn curve, support 57)
L3->L4 through                4     --       --          --  CHANNEL_DIRECT (drawn curve, support 4)
!! MISSING MOVEMENTS: 1 cardinal-legal movement(s) have NO path — DRAW A CHANNEL for the ones that exist:
     L1->L3 right

wrote data\projects\0acb12c0\_replay_scratch\blank_20260911\arm\twopass_bank_cam2_pr2_l1_study_0700.json (7 paths) + data\projects\0acb12c0\_replay_scratch\blank_20260911\arm\twopass_bank_cam2_pr2_l1_study_0700_qa.json
FM51 d18b pr2_l1_study_0700: movement 80.4  approach 62.5  cov 0.329 ON  events=1490 dropped=278  (20s)
loaded 9 operator channels from the channels table
cam2 GT-free bank — 16:00:00+120min, 1752 usable tracks, agreement rate 10%, bearing-rebinned 0
cell                          n  share straight bearing_res  status
L1->L2 through              921     --       --          --  CHANNEL_DIRECT (drawn curve, support 921)
L1->L3 u_turn                 2     --       --          --  UTURN_HELDOUT (2/2 reverse, frac 1.00)
L1->L4 right                  0     --       --          --  CHANNEL_DIRECT (drawn curve, support 0)
L2->L1 through              757     --       --          --  CHANNEL_DIRECT (drawn curve, support 757)
L2->L3 left                  33     --       --          --  CHANNEL_DIRECT (drawn curve, support 33)
L2->L4 u_turn                19     --       --          --  UTURN_HELDOUT (3/19 reverse, frac 0.16)
L3->L1 left                   1     --       --          --  CHANNEL_DIRECT (drawn curve, support 1)
L3->L2 right                 14     --       --          --  CHANNEL_DIRECT (drawn curve, support 14)
L3->L4 through                2     --       --          --  CHANNEL_DIRECT (drawn curve, support 2)
!! MISSING MOVEMENTS: 1 cardinal-legal movement(s) have NO path — DRAW A CHANNEL for the ones that exist:
     L1->L3 right

wrote data\projects\0acb12c0\_replay_scratch\blank_20260911\arm\twopass_bank_cam2_pr2_l1_study_1600.json (7 paths) + data\projects\0acb12c0\_replay_scratch\blank_20260911\arm\twopass_bank_cam2_pr2_l1_study_1600_qa.json
FM51 d18b pr2_l1_study_1600: movement 80.4  approach 66.7  cov 0.388 ON  events=1838 dropped=348  (24s)
