cam4 study_1600: frames 575980-647980, 8 bins, model yolo26s.pt@960

A. distinct TRACKS crossing X rightward, per bin  (Mio NB_thru per bin on the last row)
   X   b0    b1    b2    b3    b4    b5    b6    b7     total  med_box_px
   200   223   181   230   215   211   195   222   149   1626   133.4
   250   231   191   237   219   220   204   234   154   1690   138.1
   300   233   184   253   224   223   212   228   155   1712   136.0
   350   232   190   257   226   233   211   236   162   1747   122.8
   400   228   192   257   226   229   210   234   156   1732   107.1
   450   235   197   269   234   235   224   239   150   1783    91.4
   500   238   195   282   229   219   222   224   148   1757    72.8
   550   245   196   273   223   208   212   200   137   1694    43.5
   Mio   305   263   347   305   341   315   325   238   2439

B. counting FATE of tracks crossing X rightward (top 8 fates per X)
  X=200: 1626 tracks; 986 carry a counted S->N
          986  counted S->N
          533  rejected S->N
           62  NO EVENT
           20  counted S->W
            7  counted N->S
            7  counted W->N
            5  counted N->N
            3  counted W->S
  X=250: 1690 tracks; 1042 carry a counted S->N
         1042  counted S->N
          537  rejected S->N
           59  NO EVENT
           20  counted S->W
           10  counted W->N
            8  counted N->N
            7  counted N->S
            4  counted W->S
  X=300: 1712 tracks; 1085 carry a counted S->N
         1085  counted S->N
          542  rejected S->N
           48  NO EVENT
           16  counted S->W
            8  counted W->N
            7  counted N->N
            4  counted N->S
            1  rejected W->N
  X=350: 1747 tracks; 1116 carry a counted S->N
         1116  counted S->N
          542  rejected S->N
           47  NO EVENT
           14  counted S->W
           11  counted N->S
            8  counted W->N
            6  counted N->N
            2  counted N->W
  X=400: 1732 tracks; 1137 carry a counted S->N
         1137  counted S->N
          542  rejected S->N
           26  NO EVENT
            8  counted W->N
            8  counted S->W
            6  counted N->N
            4  counted N->S
            1  rejected W->N
  X=450: 1783 tracks; 1161 carry a counted S->N
         1161  counted S->N
          535  rejected S->N
           60  NO EVENT
            8  counted W->N
            4  counted N->S
            4  counted N->N
            4  counted S->W
            3  counted N->W
  X=500: 1757 tracks; 1209 carry a counted S->N
         1209  counted S->N
          417  rejected S->N
          100  NO EVENT
            8  counted N->S
            8  counted W->N
            5  counted N->W
            4  counted N->N
            4  counted S->W
  X=550: 1694 tracks; 1446 carry a counted S->N
         1446  counted S->N
          195  NO EVENT
           32  rejected S->N
            8  counted W->N
            5  counted N->S
            4  counted S->W
            2  counted N->N
            1  rejected W->N

   death x (50-px buckets) of tracks that crossed X=300 rightward: [(0, 15), (50, 4), (100, 1), (150, 5), (200, 1), (250, 3), (300, 24), (350, 19), (400, 36), (450, 184), (500, 668), (550, 526), (600, 226)]

C. raw detections: 511363 rows
   after class-agnostic NMS 0.6: 403940 rows (79% kept)
   deduped dets conf [0.10,0.25):   96200; untracked share by x band: 0:76% 100:30% 200:13% 300:17% 400:43% 500:76%
   deduped dets conf [0.25,1.01):  307740; untracked share by x band: 0:21% 100:3% 200:2% 300:4% 400:10% 500:23%

   conf >= 0.10 (deduped): detection CHAINS (>=3 hits, >=40 px rightward) crossing X rightward
   X   b0    b1    b2    b3    b4    b5    b6    b7     total
   200   245   208   287   258   269   258   273   196   1994
   250   245   211   288   259   272   258   274   196   2003
   300   249   216   292   261   275   257   271   198   2019
   350   256   228   308   269   285   265   275   203   2089
   400   277   250   338   277   302   280   287   214   2225
   450   299   266   358   296   328   306   315   236   2404
   500   304   280   358   307   341   312   322   239   2463
   550   311   279   365   306   350   312   328   235   2486
   Mio   305   263   347   305   341   315   325   238   2439

   conf >= 0.25 (deduped): detection CHAINS (>=3 hits, >=40 px rightward) crossing X rightward
   X   b0    b1    b2    b3    b4    b5    b6    b7     total
   200   245   207   282   261   261   250   270   190   1966
   250   245   211   281   261   263   253   270   190   1974
   300   248   211   283   261   265   252   269   191   1980
   350   251   215   289   263   269   257   269   194   2007
   400   267   232   322   267   288   268   276   205   2125
   450   286   252   343   280   300   287   303   222   2273
   500   303   265   349   291   319   302   312   227   2368
   550   307   267   352   299   336   305   317   229   2412
   Mio   305   263   347   305   341   315   325   238   2439

   UNTRACKED only, conf >= 0.10 (deduped): detection CHAINS (>=3 hits, >=40 px rightward) crossing X rightward
   X   b0    b1    b2    b3    b4    b5    b6    b7     total
   200    10     9     8    18    21    41    31    19    157
   250    11     8    14    18    25    44    34    25    179
   300    14     8    18    22    28    47    37    28    202
   350    17    13    25    34    36    55    38    38    256
   400    34    22    46    44    51    69    49    45    360
   450    47    39    56    51    72    81    70    70    486
   500    45    46    47    53    90    77    82    73    513
   550    37    38    48    61   103    77    94    79    537
   Mio   305   263   347   305   341   315   325   238   2439
