0acb12c0 cam2 rg1_l1_study_0700: 6316 position recoveries (806 of lost ids); yardstick 1524 vehicles
  by chain: SAME 5228  OTHER 71  SEAM/EMERGE 42  NONE 975
  max IoU with a box taken this frame by another id:
     bin         0.0   0.1   0.2   0.3   0.4   0.5   0.6   0.7   0.8
     SAME          4861   114    52    33    72    65    21    10     0   n=5228
     OTHER           43     5     5     5     4     6     2     1     0   n=71
     SEAM/EMERGE     23     0     1     1     3    11     3     0     0   n=42
     NONE           817    55    29    16    26    17    14     1     0   n=975
  max share of the box inside another id's box:
     bin         0.0   0.1   0.2   0.3   0.4   0.5   0.6   0.7   0.8
     SAME          4609   157    91    62    63    45    17    11   173   n=5228
     OTHER           40     3     4     6     5     5     1     2     5   n=71
     SEAM/EMERGE     21     2     0     1     3     9     3     0     3   n=42
     NONE           705    58    48    29    30    13     8     4    80   n=975
  held-box guard (refuse the box when IoU with a taken box >= thr): OTHER refused / SAME refused / NONE refused
     thr 0.2:   23 /   253 /   103   (of 71 / 5228 / 975)
     thr 0.3:   18 /   201 /    74   (of 71 / 5228 / 975)
     thr 0.4:   13 /   168 /    58   (of 71 / 5228 / 975)
     thr 0.5:    9 /    96 /    32   (of 71 / 5228 / 975)
     thr 0.6:    3 /    31 /    15   (of 71 / 5228 / 975)
     thr 0.7:    1 /    10 /     1   (of 71 / 5228 / 975)
  same guard by COVERAGE (share of the box inside a taken box >= thr):
     thr 0.3:   24 /   371 /   164
     thr 0.5:   13 /   246 /   105
     thr 0.7:    7 /   184 /    84
     thr 0.9:    5 /   166 /    78
  held-box guard counting only boxes held by an id on ANOTHER chain (twins excluded):
     thr 0.3:    6 /    96 /    61
     thr 0.4:    4 /    83 /    49
     thr 0.5:    4 /    41 /    25
     thr 0.6:    0 /    14 /    13
     thr 0.7:    0 /     9 /     0
  max IoU with a NEIGHBOUR's box of the previous frame (where the other ids were):
     bin         0.0   0.1   0.2   0.3   0.4   0.5   0.6   0.7   0.8
     SAME          4832   174    90    49    50    22    11     0     0   n=5228
     OTHER           33     4     6     7     8     5     4     4     0   n=71
     SEAM/EMERGE     15     5     1     5     8     5     0     2     1   n=42
     NONE           755    84    51    39    26    14     5     1     0   n=975
  neighbour guard (refuse the box when IoU with a neighbour's previous box >= thr): OTHER / SAME / NONE refused
     thr 0.1:   38 /   396 /   220
     thr 0.2:   34 /   222 /   136
     thr 0.3:   28 /   132 /    85
     thr 0.4:   21 /    83 /    46
     thr 0.5:   13 /    33 /    20
  OTHER: cost from the prediction median 0.32 (>0.5: 10); jump from the last box median 0.28 widths; angle vs prediction median 143 deg (>60: 34 of 44); own car's box present and free this frame: 13 of 44 known
  SAME: cost from the prediction median 0.33 (>0.5: 591); jump from the last box median 0.26 widths; angle vs prediction median 8 deg (>60: 366 of 4417); own car's box present and free this frame: 5067 of 5228 known
  OTHER: taken-box conf median 0.25, <0.35 56 of 71
  SAME: taken-box conf median 0.37, <0.35 2455 of 5228
  -> runs\v2_week1\recovery_guard_0acb12c0_2_rg1_l1_study_0700.json
