0acb12c0 cam2 wi2_l1_study_0700: 6427 position recoveries (852 of lost ids); yardstick 1524 vehicles
  by chain: SAME 5289  OTHER 86  SEAM/EMERGE 56  NONE 996
  max IoU with a box taken this frame by another id:
     bin         0.0   0.1   0.2   0.3   0.4   0.5   0.6   0.7   0.8
     SAME          4846   109    48    37    70    74    52    53     0   n=5289
     OTHER           44     6     5     3     4     6     9     9     0   n=86
     SEAM/EMERGE     23     0     1     1     3    11    11     6     0   n=56
     NONE           813    55    29    17    24    15    24    19     0   n=996
  max share of the box inside another id's box:
     bin         0.0   0.1   0.2   0.3   0.4   0.5   0.6   0.7   0.8
     SAME          4597   153    90    61    60    50    32    33   213   n=5289
     OTHER           40     2     5     7     6     5     7     8     6   n=86
     SEAM/EMERGE     21     2     0     1     3    10    11     5     3   n=56
     NONE           706    54    47    27    30    12    14    14    92   n=996
  held-box guard (refuse the box when IoU with a taken box >= thr): OTHER refused / SAME refused / NONE refused
     thr 0.2:   36 /   334 /   128   (of 86 / 5289 / 996)
     thr 0.3:   31 /   286 /    99   (of 86 / 5289 / 996)
     thr 0.4:   28 /   249 /    82   (of 86 / 5289 / 996)
     thr 0.5:   24 /   179 /    58   (of 86 / 5289 / 996)
     thr 0.6:   18 /   105 /    43   (of 86 / 5289 / 996)
     thr 0.7:    9 /    53 /    19   (of 86 / 5289 / 996)
  same guard by COVERAGE (share of the box inside a taken box >= thr):
     thr 0.3:   39 /   449 /   189
     thr 0.5:   26 /   328 /   132
     thr 0.7:   14 /   246 /   106
     thr 0.9:    6 /   206 /    90
  held-box guard counting only boxes held by an id on ANOTHER chain (twins excluded):
     thr 0.3:    7 /    97 /    79
     thr 0.4:    6 /    83 /    65
     thr 0.5:    5 /    42 /    43
     thr 0.6:    1 /    14 /    32
     thr 0.7:    0 /     9 /    10
  max IoU with a NEIGHBOUR's box of the previous frame (where the other ids were):
     bin         0.0   0.1   0.2   0.3   0.4   0.5   0.6   0.7   0.8
     SAME          4796   173    95    64    77    50    24     6     4   n=5289
     OTHER           30     8     5     7    11    11     9     4     1   n=86
     SEAM/EMERGE     16     5     1     4    11    11     3     4     1   n=56
     NONE           749    86    49    44    28    25    10     3     2   n=996
  neighbour guard (refuse the box when IoU with a neighbour's previous box >= thr): OTHER / SAME / NONE refused
     thr 0.1:   56 /   493 /   247
     thr 0.2:   48 /   320 /   161
     thr 0.3:   43 /   225 /   112
     thr 0.4:   36 /   161 /    68
     thr 0.5:   25 /    84 /    40
  OTHER: cost from the prediction median 0.33 (>0.5: 14); jump from the last box median 0.30 widths; angle vs prediction median 148 deg (>60: 40 of 52); own car's box present and free this frame: 16 of 52 known
  SAME: cost from the prediction median 0.33 (>0.5: 600); jump from the last box median 0.26 widths; angle vs prediction median 8 deg (>60: 397 of 4447); own car's box present and free this frame: 5040 of 5289 known
  OTHER: taken-box conf median 0.23, <0.35 69 of 86
  SAME: taken-box conf median 0.36, <0.35 2514 of 5289
  -> runs\v2_week1\recovery_guard_0acb12c0_2_wi2_l1_study_0700.json
