97a7849a cam5 rg1_study_1600: 23853 position recoveries (7969 of lost ids); yardstick 5742 vehicles
  by chain: SAME 13351  OTHER 658  SEAM/EMERGE 528  NONE 9316
  max IoU with a box taken this frame by another id:
     bin         0.0   0.1   0.2   0.3   0.4   0.5   0.6   0.7   0.8
     SAME          9886  1538   630   473   390   327    83    24     0   n=13351
     OTHER          291    94    51    55    61    66    36     4     0   n=658
     SEAM/EMERGE    271    45    24    57    47    44    31     9     0   n=528
     NONE          6342  1450   620   268   248   251   120    17     0   n=9316
  max share of the box inside another id's box:
     bin         0.0   0.1   0.2   0.3   0.4   0.5   0.6   0.7   0.8
     SAME          7857  1254   964   831   631   545   292   156   821   n=13351
     OTHER          211    56    64    61    74    60    44    14    74   n=658
     SEAM/EMERGE    217    37    33    53    40    45    26     9    68   n=528
     NONE          4556   993   900   778   611   458   256   117   647   n=9316
  held-box guard (refuse the box when IoU with a taken box >= thr): OTHER refused / SAME refused / NONE refused
     thr 0.2:  273 /  1927 /  1524   (of 658 / 13351 / 9316)
     thr 0.3:  222 /  1297 /   904   (of 658 / 13351 / 9316)
     thr 0.4:  167 /   824 /   636   (of 658 / 13351 / 9316)
     thr 0.5:  106 /   434 /   388   (of 658 / 13351 / 9316)
     thr 0.6:   40 /   107 /   137   (of 658 / 13351 / 9316)
     thr 0.7:    4 /    24 /    17   (of 658 / 13351 / 9316)
  same guard by COVERAGE (share of the box inside a taken box >= thr):
     thr 0.3:  327 /  3276 /  2867
     thr 0.5:  192 /  1814 /  1478
     thr 0.7:   88 /   977 /   764
     thr 0.9:   64 /   709 /   556
  held-box guard counting only boxes held by an id on ANOTHER chain (twins excluded):
     thr 0.3:   90 /   619 /   733
     thr 0.4:   59 /   312 /   517
     thr 0.5:   30 /   141 /   317
     thr 0.6:    2 /    27 /   111
     thr 0.7:    0 /     6 /    11
  max IoU with a NEIGHBOUR's box of the previous frame (where the other ids were):
     bin         0.0   0.1   0.2   0.3   0.4   0.5   0.6   0.7   0.8
     SAME          9102  1816   944   649   448   262    83    32    15   n=13351
     OTHER          175    92    88   105    83    64    29    15     7   n=658
     SEAM/EMERGE    162    56    51    86    68    59    27    15     4   n=528
     NONE          5789  1504   768   527   355   259    84    22     8   n=9316
  neighbour guard (refuse the box when IoU with a neighbour's previous box >= thr): OTHER / SAME / NONE refused
     thr 0.1:  483 /  4249 /  3527
     thr 0.2:  391 /  2433 /  2023
     thr 0.3:  303 /  1489 /  1255
     thr 0.4:  198 /   840 /   728
     thr 0.5:  115 /   392 /   373
  OTHER: cost from the prediction median 0.28 (>0.5: 124); jump from the last box median 0.27 widths; angle vs prediction median 109 deg (>60: 246 of 391); own car's box present and free this frame: 78 of 410 known
  SAME: cost from the prediction median 0.20 (>0.5: 878); jump from the last box median 0.16 widths; angle vs prediction median 22 deg (>60: 2707 of 8598); own car's box present and free this frame: 12460 of 13351 known
  OTHER: taken-box conf median 0.22, <0.35 526 of 658
  SAME: taken-box conf median 0.26, <0.35 10619 of 13351
  -> runs\v2_week1\recovery_guard_97a7849a_5_rg1_study_1600.json
