97a7849a cam4 rg1_study_1600: 19978 position recoveries (5117 of lost ids); yardstick 5516 vehicles
  by chain: SAME 15231  OTHER 289  SEAM/EMERGE 179  NONE 4279
  max IoU with a box taken this frame by another id:
     bin         0.0   0.1   0.2   0.3   0.4   0.5   0.6   0.7   0.8
     SAME         13614   845   312   185   125    96    39    15     0   n=15231
     OTHER          165    29    16    22    21    24    11     1     0   n=289
     SEAM/EMERGE     99    14     9    17     9    16    10     5     0   n=179
     NONE          3241   522   233    92    80    75    28     8     0   n=4279
  max share of the box inside another id's box:
     bin         0.0   0.1   0.2   0.3   0.4   0.5   0.6   0.7   0.8
     SAME         12335   802   531   315   315   271   145    94   423   n=15231
     OTHER          130    19    23    19    18    26    16     6    32   n=289
     SEAM/EMERGE     79    12     5     9    11    18    16     6    23   n=179
     NONE          2467   425   293   243   182   181   111    82   295   n=4279
  held-box guard (refuse the box when IoU with a taken box >= thr): OTHER refused / SAME refused / NONE refused
     thr 0.2:   95 /   772 /   516   (of 289 / 15231 / 4279)
     thr 0.3:   79 /   460 /   283   (of 289 / 15231 / 4279)
     thr 0.4:   57 /   275 /   191   (of 289 / 15231 / 4279)
     thr 0.5:   36 /   150 /   111   (of 289 / 15231 / 4279)
     thr 0.6:   12 /    54 /    36   (of 289 / 15231 / 4279)
     thr 0.7:    1 /    15 /     8   (of 289 / 15231 / 4279)
  same guard by COVERAGE (share of the box inside a taken box >= thr):
     thr 0.3:  117 /  1563 /  1094
     thr 0.5:   80 /   933 /   669
     thr 0.7:   38 /   517 /   377
     thr 0.9:   26 /   362 /   261
  held-box guard counting only boxes held by an id on ANOTHER chain (twins excluded):
     thr 0.3:   42 /   270 /   224
     thr 0.4:   27 /   143 /   156
     thr 0.5:   10 /    70 /    96
     thr 0.6:    0 /    27 /    31
     thr 0.7:    0 /     9 /     6
  max IoU with a NEIGHBOUR's box of the previous frame (where the other ids were):
     bin         0.0   0.1   0.2   0.3   0.4   0.5   0.6   0.7   0.8
     SAME         13280  1079   447   217   109    71    26     2     0   n=15231
     OTHER          126    41    33    34    30    20     3     2     0   n=289
     SEAM/EMERGE     73    23    22    18    20    12     7     2     2   n=179
     NONE          3144   540   245   159    94    77    14     5     1   n=4279
  neighbour guard (refuse the box when IoU with a neighbour's previous box >= thr): OTHER / SAME / NONE refused
     thr 0.1:  163 /  1951 /  1135
     thr 0.2:  122 /   872 /   595
     thr 0.3:   89 /   425 /   350
     thr 0.4:   55 /   208 /   191
     thr 0.5:   25 /    99 /    97
  OTHER: cost from the prediction median 0.30 (>0.5: 47); jump from the last box median 0.28 widths; angle vs prediction median 88 deg (>60: 104 of 178); own car's box present and free this frame: 53 of 180 known
  SAME: cost from the prediction median 0.23 (>0.5: 713); jump from the last box median 0.13 widths; angle vs prediction median 12 deg (>60: 1504 of 11167); own car's box present and free this frame: 14919 of 15231 known
  OTHER: taken-box conf median 0.22, <0.35 222 of 289
  SAME: taken-box conf median 0.28, <0.35 10912 of 15231
  -> runs\v2_week1\recovery_guard_97a7849a_4_rg1_study_1600.json
