97a7849a cam4 study_1600: 32528 recoveries over 72001 frames; tracks 5762 (base dump: 8986)
labels: {'unknown': 23279, 'same vehicle': 7211, 'STEAL (two vehicles alive together)': 1937, 'same vehicle (base fragments)': 101}
by track state:
    tracked: n=23407  steal 1361 (6%)  same 6443  unknown 15603
       lost: n= 9121  steal  576 (6%)  same  869  unknown 7676
by frames since last seen (6 = 6+):
          1: n=23407  steal 1361 (6%)  same 6443  unknown 15603
          2: n= 4016  steal  248 (6%)  same  499  unknown 3269
          3: n= 1708  steal  138 (8%)  same  177  unknown 1393
          4: n=  972  steal   85 (9%)  same  102  unknown  785
          5: n=  572  steal   53 (9%)  same   50  unknown  469
          6: n= 1853  steal   52 (3%)  same   41  unknown 1760
by cost (box widths, bucket start):
        0.0: n= 7820  steal  201 (3%)  same 1132  unknown 6487
       0.15: n= 9051  steal  430 (5%)  same 2326  unknown 6295
        0.3: n= 7034  steal  400 (6%)  same 2108  unknown 4526
       0.45: n= 4569  steal  350 (8%)  same 1314  unknown 2905
        0.6: n= 2260  steal  259 (11%)  same  358  unknown 1643
       0.75: n= 1794  steal  297 (17%)  same   74  unknown 1423
by direction of the jump vs the track's motion:
    forward: n= 8730  steal  835 (10%)  same 1280  unknown 6615
   backward: n=22612  steal 1102 (5%)  same 6032  unknown 15478
      still: n=   20  steal    0 (0%)  same    0  unknown   20
by IoU(predicted box, recovered box):
   0 (no overlap): n= 1697  steal  333 (20%)  same   53  unknown 1311
   (0, 0.1]: n= 2873  steal  559 (19%)  same  111  unknown 2203
   (0.1, 0.2]: n= 3600  steal  411 (11%)  same  736  unknown 2453
      > 0.2: n=24358  steal  634 (3%)  same 6412  unknown 17312
