0acb12c0 cam2 rg1_l1_study_0700: 67388 dump rows, 1524 yardstick vehicles, 5040 back-fill rows, stop-fracture relabels 0
  in-process run: 64854 matches, 12839 miss records; patience 5 f, reach 0.9, min IoU 0.2, held 0.6
  breaks 766 (as the yardstick counts them); 0 at the window end dropped (the dump stops at f1); 766 joined
  mapping: same id 703, BACKFILL_AT_K 63
  id A at f_n: MISSED 376  ID_MATCHED_ELSEWHERE 300  LABEL_ARTEFACT 3  NO_RECORD 24  NOT_IN_INPUT 0  BACKFILL_AT_K 63  UNMAPPED 0
  the next real box at f_n: free 286, new id 184, other id s1 83, - 63, other id s25 62, twin s1 54, twin s25 15, other id s2 12, twin s2 7
  id A status x box fate:
       168  MISSED                 free
       103  ID_MATCHED_ELSEWHERE   free
        89  MISSED                 new id
        83  ID_MATCHED_ELSEWHERE   new id
        63  BACKFILL_AT_K          -
        61  MISSED                 other id s1
        37  ID_MATCHED_ELSEWHERE   other id s25
        29  ID_MATCHED_ELSEWHERE   twin s1
        25  MISSED                 other id s25
        25  MISSED                 twin s1
        22  ID_MATCHED_ELSEWHERE   other id s1
        12  NO_RECORD              free
        12  NO_RECORD              new id
        11  ID_MATCHED_ELSEWHERE   twin s25
     NO_RECORD (last fate, alive at f_n): (2, False) 24
  MISSED 376: by box class x state: high/tracked 175, low/tracked 86, low/lost 67, high/lost 48
     gate 1 (the ordinary stage): s1_fused<0.2 171, s2_iou<0.5 84, s2_ineligible(lost) 67, s1_assignment_lost 52, s2_assignment_lost 2
     gate 2 (recovery):           min_iou<0.2 188, held_guard 84, size_ratio<0.3 82, recovery_unexplained 21, reach>=0.9 1
     gate 1 x gate 2 (top 10):
           95  s1_fused<0.2                 min_iou<0.2            obs would pass the stage 0/95   obs would pass recovery 0/95   IoU pred med 0.10  IoU obs med 0.16  conf med 0.50  w med 48 px
           60  s2_ineligible(lost)          min_iou<0.2            obs would pass the stage 0/0   obs would pass recovery 0/60   IoU pred med 0.04  IoU obs med 0.08  conf med 0.14  w med 13 px
           52  s1_assignment_lost           held_guard             obs would pass the stage 48/52   obs would pass recovery 0/52   IoU pred med 0.49  IoU obs med 0.52  conf med 0.65  w med 27 px
           48  s2_iou<0.5                   size_ratio<0.3         obs would pass the stage 0/48   obs would pass recovery 0/48   IoU pred med 0.07  IoU obs med 0.10  conf med 0.16  w med 19 px
           33  s2_iou<0.5                   min_iou<0.2            obs would pass the stage 0/33   obs would pass recovery 0/33   IoU pred med 0.11  IoU obs med 0.15  conf med 0.16  w med 32 px
           33  s1_fused<0.2                 size_ratio<0.3         obs would pass the stage 0/33   obs would pass recovery 0/33   IoU pred med 0.08  IoU obs med 0.12  conf med 0.44  w med 26 px
           27  s1_fused<0.2                 held_guard             obs would pass the stage 12/27   obs would pass recovery 0/27   IoU pred med 0.29  IoU obs med 0.45  conf med 0.49  w med 35 px
           15  s1_fused<0.2                 recovery_unexplained   obs would pass the stage 1/15   obs would pass recovery 15/15   IoU pred med 0.48  IoU obs med 0.41  conf med 0.32  w med 39 px
            4  s2_ineligible(lost)          recovery_unexplained   obs would pass the stage 0/0   obs would pass recovery 4/4   IoU pred med 0.41  IoU obs med 0.43  conf med 0.12  w med 31 px
            2  s2_ineligible(lost)          held_guard             obs would pass the stage 0/0   obs would pass recovery 0/2   IoU pred med 0.28  IoU obs med 0.23  conf med 0.16  w med 19 px
     prediction error median 0.71 widths; last-observation error median 0.79; observation closer than prediction in 201 of 376; pred width / obs width median 1.00
     x >= 550 (cam4's floor band): 154 of the MISSED; gate 2 there: size_ratio<0.3 80, min_iou<0.2 64, held_guard 7, recovery_unexplained 2
     gap == 1 (next hit the very next frame): 256; gap median 1; pred err med 0.62 w, obs err med 0.68 w; actual speed med 0.68 w/f vs Kalman 0.21 w/f; box fate: free 95, new id 71, other id s1 50, twin s1 24
     gap > 1: 120; gap median 3; pred err med 0.84 w, obs err med 0.84 w; actual speed med 0.24 w/f vs Kalman 0.24 w/f; box fate: free 73, new id 18, other id s25 14, other id s1 11
     MISSED by box fate x gate 2:
          105  free                   min_iou<0.2
           67  new id                 min_iou<0.2
           59  free                   size_ratio<0.3
           52  other id s1            held_guard
           25  twin s1                held_guard
           21  new id                 size_ratio<0.3
           17  other id s25           recovery_unexplained
            7  other id s25           min_iou<0.2
            7  other id s1            min_iou<0.2
            4  free                   held_guard
  -> runs\v2_week1\breaks_0acb12c0_2_rg1_l1_study_0700.json
