97a7849a cam5 study_1600: births 9357, deferred by the stacked guard 1156, newborns removed unconfirmed 1666
  output box (Kalman estimate): late or never covered 704 of 5742 (12%); hits covered >= 0.3 overall 95.2%
  matched box (observation): late or never covered 703 of 5742 (12%); hits covered >= 0.3 overall 95.2%
  TRACE vehicle 388: 29 hits, first covered at hit 6
    f581656 box x475-487 y179-186 w12 conf 0.19 | output near: [(658, 0.0, [622, 233, 640, 271]), (655, 0.0, [518, 179, 535, 191])] | born [] | died-unconfirmed []
    f581657 box x471-483 y179-187 w12 conf 0.16 | output near: [(650, 0.01, [438, 180, 473, 200]), (658, 0.0, [619, 231, 637, 270])] | born [] | died-unconfirmed []
    f581658 box x470-478 y180-187 w8 conf 0.11 | output near: [(650, 0.01, [437, 181, 472, 200]), (658, 0.0, [612, 231, 640, 267])] | born [] | died-unconfirmed []
    f581659 box x469-482 y180-188 w13 conf 0.11 | output near: [(650, 0.01, [436, 181, 471, 200]), (658, 0.0, [607, 226, 638, 267])] | born [] | died-unconfirmed []
    f581660 box x461-478 y177-188 w17 conf 0.14 | output near: [(650, 0.07, [435, 181, 469, 200]), (658, 0.0, [603, 224, 636, 267])] | born [] | died-unconfirmed []
    f581665 box x425-450 y178-189 w25 conf 0.38 | output near: [(650, 0.21, [429, 181, 466, 201]), (658, 0.0, [575, 220, 638, 265])] | born [(659, 1.0)] | died-unconfirmed []
    f581666 box x417-445 y178-190 w27 conf 0.69 | output near: [(659, 0.9, [419, 178, 445, 190]), (650, 0.17, [428, 181, 465, 201])] | born [] | died-unconfirmed []
    f581667 box x410-440 y178-191 w30 conf 0.75 | output near: [(659, 0.86, [413, 178, 441, 191]), (650, 0.13, [427, 181, 464, 201])] | born [] | died-unconfirmed []
    f581668 box x402-434 y178-192 w32 conf 0.82 | output near: [(659, 0.89, [405, 178, 434, 191]), (650, 0.07, [426, 181, 463, 201])] | born [] | died-unconfirmed []
  TRACE vehicle 2037: 45 hits, first covered at hit 5
    f602909 box x531-553 y177-187 w21 conf 0.18 | output near: [(3474, 0.0, [59, 227, 206, 330]), (3473, 0.0, [498, 179, 512, 185])] | born [] | died-unconfirmed []
    f602910 box x528-542 y178-187 w14 conf 0.13 | output near: [(3474, 0.0, [95, 222, 238, 320]), (3473, 0.0, [495, 178, 511, 186])] | born [] | died-unconfirmed []
    f602911 box x526-541 y178-187 w14 conf 0.17 | output near: [(3476, 0.0, [13, 221, 74, 347]), (3474, 0.0, [130, 216, 269, 310])] | born [] | died-unconfirmed []
    f602912 box x524-539 y178-187 w15 conf 0.28 | output near: [(3476, 0.0, [0, 213, 129, 339]), (3474, 0.0, [164, 212, 299, 301])] | born [] | died-unconfirmed []
    f602913 box x521-538 y178-188 w17 conf 0.40 | output near: [(3476, 0.0, [29, 207, 156, 330]), (3474, 0.0, [196, 208, 327, 292])] | born [(3477, 1.0)] | died-unconfirmed []
    f602914 box x519-534 y178-187 w15 conf 0.31 | output near: [(3477, 1.0, [519, 178, 534, 187]), (3476, 0.0, [67, 202, 188, 321])] | born [] | died-unconfirmed []
    f602915 box x516-532 y178-188 w16 conf 0.54 | output near: [(3477, 0.94, [516, 178, 531, 188]), (3476, 0.0, [107, 200, 222, 311])] | born [] | died-unconfirmed []
    f602916 box x513-530 y178-188 w16 conf 0.30 | output near: [(3477, 0.93, [514, 178, 529, 188]), (3476, 0.0, [145, 195, 256, 301])] | born [] | died-unconfirmed []
  TRACE vehicle 2619: 42 hits, first covered at hit 7
    f610097 box x527-541 y178-187 w14 conf 0.27 | output near: [(4473, 0.0, [29, 236, 133, 290]), (4471, 0.0, [344, 177, 372, 191])] | born [] | died-unconfirmed []
    f610098 box x524-537 y178-187 w13 conf 0.17 | output near: [(4473, 0.0, [66, 227, 170, 281]), (4471, 0.0, [331, 177, 360, 192])] | born [] | died-unconfirmed []
    f610099 box x521-531 y178-187 w9 conf 0.11 | output near: [(4473, 0.0, [104, 221, 205, 273]), (4471, 0.0, [315, 178, 346, 194])] | born [] | died-unconfirmed []
    f610101 box x514-530 y178-188 w15 conf 0.26 | output near: [(4464, 0.02, [474, 184, 524, 211]), (4473, 0.0, [180, 212, 269, 258])] | born [] | died-unconfirmed []
    f610102 box x512-527 y178-188 w15 conf 0.30 | output near: [(4464, 0.01, [481, 184, 513, 203]), (4473, 0.0, [216, 208, 298, 250])] | born [] | died-unconfirmed []
    f610103 box x509-520 y178-188 w12 conf 0.20 | output near: [(4464, 0.04, [485, 184, 516, 202]), (4473, 0.0, [248, 203, 326, 244])] | born [] | died-unconfirmed []
    f610106 box x497-510 y178-188 w13 conf 0.36 | output near: [(4464, 0.09, [501, 181, 531, 200]), (4473, 0.0, [328, 196, 392, 228])] | born [(4476, 1.0)] | died-unconfirmed []
    f610107 box x493-511 y177-189 w18 conf 0.34 | output near: [(4476, 1.0, [493, 177, 511, 189]), (4464, 0.03, [508, 183, 535, 199])] | born [] | died-unconfirmed []
    f610108 box x489-507 y178-189 w18 conf 0.56 | output near: [(4476, 0.95, [489, 178, 507, 189]), (4473, 0.0, [368, 192, 425, 221])] | born [] | died-unconfirmed []
    f610109 box x484-504 y178-189 w20 conf 0.51 | output near: [(4476, 0.86, [486, 178, 503, 189]), (4477, 0.0, [536, 177, 549, 186])] | born [] | died-unconfirmed []
  TRACE vehicle 2716: 66 hits, first covered at hit 10
    f611479 box x531-541 y176-184 w11 conf 0.14 | output near: [(4625, 0.0, [505, 181, 523, 192]), (4623, 0.0, [157, 191, 215, 213])] | born [] | died-unconfirmed []
    f611480 box x530-540 y176-184 w10 conf 0.16 | output near: [(4625, 0.0, [503, 181, 520, 192]), (4623, 0.0, [147, 192, 206, 215])] | born [] | died-unconfirmed []
    f611481 box x529-539 y176-184 w10 conf 0.23 | output near: [(4625, 0.0, [500, 181, 518, 193]), (4623, 0.0, [136, 193, 196, 217])] | born [] | died-unconfirmed []
    f611482 box x528-539 y175-185 w11 conf 0.21 | output near: [(4625, 0.0, [498, 181, 516, 193]), (4623, 0.0, [125, 194, 186, 218])] | born [] | died-unconfirmed []
    f611483 box x527-537 y176-185 w10 conf 0.20 | output near: [(4625, 0.0, [495, 181, 513, 193]), (4623, 0.0, [115, 196, 175, 220])] | born [] | died-unconfirmed []
    f611484 box x525-537 y176-185 w12 conf 0.17 | output near: [(4625, 0.0, [492, 181, 511, 194]), (4623, 0.0, [103, 198, 165, 222])] | born [] | died-unconfirmed []
    f611485 box x523-536 y176-185 w13 conf 0.22 | output near: [(4626, 0.0, [375, 174, 411, 192]), (4625, 0.0, [489, 181, 509, 194])] | born [] | died-unconfirmed []
    f611486 box x522-535 y179-185 w13 conf 0.14 | output near: [(4626, 0.0, [369, 174, 407, 193]), (4625, 0.0, [486, 182, 506, 194])] | born [] | died-unconfirmed []
    f611487 box x520-534 y178-186 w14 conf 0.25 | output near: [(4626, 0.0, [363, 174, 403, 194]), (4625, 0.0, [482, 182, 504, 195])] | born [] | died-unconfirmed []
    f611488 box x517-533 y179-186 w16 conf 0.39 | output near: [(4626, 0.0, [357, 174, 398, 195]), (4625, 0.0, [479, 182, 501, 195])] | born [(4627, 1.0)] | died-unconfirmed []
    f611489 box x515-532 y178-186 w18 conf 0.29 | output near: [(4627, 0.71, [519, 178, 532, 186]), (4626, 0.0, [353, 175, 395, 195])] | born [] | died-unconfirmed []
    f611490 box x519-531 y178-186 w13 conf 0.54 | output near: [(4627, 0.89, [518, 178, 532, 186]), (4626, 0.0, [348, 175, 390, 196])] | born [] | died-unconfirmed []
    f611491 box x517-530 y178-186 w14 conf 0.38 | output near: [(4627, 0.93, [517, 178, 531, 186]), (4626, 0.0, [343, 175, 386, 196])] | born [] | died-unconfirmed []
  late-born vehicles: 704; dominant reason per vehicle:
      623  born, then something else
       59  only weak boxes
       22  born, removed unconfirmed next frame
  uncovered hits of late-born vehicles, best overlap with ANY output box: (0, 0.1]: 1338 (17%)  (0.1, 0.3): 997 (13%)  0: 5508 (70%)
  frames from the birth on the car to the first output box overlapping it >= 0.1: median 1; never within the span: 0 of 646
  newborns removed unconfirmed: next leftover box IoU median 0.00 (share 0: 94%), centre distance median 2.83 box widths (share < 0.9: 6%)
