INFO:     Will watch for changes in these directories: ['C:\\Users\\onkar\\Documents\\intersection-counter']
INFO:     Uvicorn running on http://127.0.0.1:5000 (Press CTRL+C to quit)
INFO:     Started reloader process [8572] using StatReload
INFO:     Started server process [5912]
INFO:     Waiting for application startup.
INFO:     Application startup complete.
WARNING:  StatReload detected changes in 'scripts\v2_ppt_reattr.py'. Reloading...
INFO:     Shutting down
INFO:     Waiting for application shutdown.
INFO:     Application shutdown complete.
INFO:     Finished server process [5912]
INFO:     Started server process [12628]
INFO:     Waiting for application startup.
INFO:     Application startup complete.
WARNING:  StatReload detected changes in 'backend\tests\test_apply_gate_reattr.py'. Reloading...
INFO:     Shutting down
INFO:     Waiting for application shutdown.
INFO:     Application shutdown complete.
INFO:     Finished server process [12628]
INFO:     Started server process [23056]
INFO:     Waiting for application startup.
INFO:     Application startup complete.
