=== E4X e4ctrlx cam2 study_0700 ===
loaded 16 operator channels from the channels table
cam2 GT-free bank — 07:00:00+120min, 6253 usable tracks, agreement rate 47%, bearing-rebinned 26
cell                          n  share straight bearing_res  status
L26->L26 u_turn              65     --       --          --  UTURN_HELDOUT (26/65 reverse, frac 0.40)
L26->L27 right              329     --       --          --  CHANNEL_DIRECT (drawn curve, support 329)
L26->L28 through            357     --       --          --  CHANNEL_DIRECT (drawn curve, support 357)
L26->L29 left                42     --       --          --  CHANNEL_DIRECT (drawn curve, support 42)
L27->L26 left               500     --       --          --  CHANNEL_DIRECT (drawn curve, support 500)
L27->L27 u_turn              36     --       --          --  UTURN_HELDOUT (15/36 reverse, frac 0.42)
L27->L28 right              114     --       --          --  CHANNEL_DIRECT (drawn curve, support 114)
L27->L29 through            735     --       --          --  CHANNEL_DIRECT (drawn curve, support 735)
L28->L26 through            154     --       --          --  CHANNEL_DIRECT (drawn curve, support 154)
L28->L27 left               124     --       --          --  CHANNEL_DIRECT (drawn curve, support 124)
    (u-turn L28->L28 u_turn ADMITTED: 86/155 reverse, frac 0.55)
L28->L28 u_turn             155     --       --          --  CHANNEL_DIRECT (drawn curve, support 155)
L28->L29 right              399     --       --          --  CHANNEL_DIRECT (drawn curve, support 399)
L29->L26 right               63     --       --          --  CHANNEL_DIRECT (drawn curve, support 63)
L29->L27 through           1557     --       --          --  CHANNEL_DIRECT (drawn curve, support 1557)
L29->L28 left              1539     --       --          --  CHANNEL_DIRECT (drawn curve, support 1539)
L29->L29 u_turn              84     --       --          --  UTURN_HELDOUT (38/84 reverse, frac 0.45)

wrote data\projects\97a7849a\_replay_scratch\e4_ft2\x_e4ctrlx_study_0700\twopass_bank_cam2_study_0700.json (13 paths) + data\projects\97a7849a\_replay_scratch\e4_ft2\x_e4ctrlx_study_0700\twopass_bank_cam2_study_0700_qa.json
[pass2] cam2 study_0700: tracks=8320 events=5440 insufficient=2736 merge_kept=1670 merged_away=210 out=data\projects\97a7849a\_replay_scratch\e4_ft2\x_e4ctrlx_study_0700\twopass_cam2_study_0700.db (169s)

=== e4ctrlx_cam2_study_0700 (cam2 study_0700, 120 Mio minutes) ===
5/95 cell-bins: V2 48.1% (50/104)  |  PRODUCTION 55.8% (63/113)
        cell    Mio     V2   prod
     EB left    229    157    234
    EB right    167    494    332
     EB thru    119     23     35
    EB uturn      2      0     15
     NB left    411    146    413
    NB right     22      1      4
     NB thru   2198   2218   2394
    NB uturn      0      0      8
     SB left    115    172    163
    SB right    379    361    232
     SB thru   1384   1082   1291
    SB uturn      1     14     15
     WB left     61      7     32
    WB right    293    317    359
     WB thru    267    237    288
    WB uturn      0      1      0
-> runs\v2_week1\score_e4ctrlx_cam2_study_0700.json
=== E4X e4ft2x cam2 ft2_study_0700 ===
loaded 16 operator channels from the channels table
cam2 GT-free bank — 07:00:00+120min, 7781 usable tracks, agreement rate 26%, bearing-rebinned 247
cell                          n  share straight bearing_res  status
L26->L26 u_turn             273     --       --          --  UTURN_HELDOUT (98/273 reverse, frac 0.36)
L26->L27 right              335     --       --          --  CHANNEL_DIRECT (drawn curve, support 335)
L26->L28 through            371     --       --          --  CHANNEL_DIRECT (drawn curve, support 371)
L26->L29 left               159     --       --          --  CHANNEL_DIRECT (drawn curve, support 159)
L27->L26 left               655     --       --          --  CHANNEL_DIRECT (drawn curve, support 655)
L27->L27 u_turn              71     --       --          --  UTURN_HELDOUT (31/71 reverse, frac 0.44)
L27->L28 right              152     --       --          --  CHANNEL_DIRECT (drawn curve, support 152)
L27->L29 through            489     --       --          --  CHANNEL_DIRECT (drawn curve, support 489)
L28->L26 through            232     --       --          --  CHANNEL_DIRECT (drawn curve, support 232)
L28->L27 left               142     --       --          --  CHANNEL_DIRECT (drawn curve, support 142)
L28->L28 u_turn             237     --       --          --  UTURN_HELDOUT (105/237 reverse, frac 0.44)
L28->L29 right              354     --       --          --  CHANNEL_DIRECT (drawn curve, support 354)
L29->L26 right              145     --       --          --  CHANNEL_DIRECT (drawn curve, support 145)
L29->L27 through           2575     --       --          --  CHANNEL_DIRECT (drawn curve, support 2575)
L29->L28 left              1309     --       --          --  CHANNEL_DIRECT (drawn curve, support 1309)
L29->L29 u_turn             282     --       --          --  UTURN_HELDOUT (118/282 reverse, frac 0.42)

wrote data\projects\97a7849a\_replay_scratch\e4_ft2\x_e4ft2x_study_0700\twopass_bank_cam2_ft2_study_0700.json (12 paths) + data\projects\97a7849a\_replay_scratch\e4_ft2\x_e4ft2x_study_0700\twopass_bank_cam2_ft2_study_0700_qa.json
[pass2] cam2 ft2_study_0700: tracks=13907 events=5815 insufficient=7791 merge_kept=1932 merged_away=565 out=data\projects\97a7849a\_replay_scratch\e4_ft2\x_e4ft2x_study_0700\twopass_cam2_ft2_study_0700.db (309s)

=== e4ft2x_cam2_study_0700 (cam2 study_0700, 120 Mio minutes) ===
5/95 cell-bins: V2 39.3% (44/112)  |  PRODUCTION 55.8% (63/113)
        cell    Mio     V2   prod
     EB left    229    162    234
    EB right    167    482    332
     EB thru    119     20     35
    EB uturn      2      4     15
     NB left    411    325    413
    NB right     22      5      4
     NB thru   2198   2392   2394
    NB uturn      0      6      8
     SB left    115    163    163
    SB right    379    400    232
     SB thru   1384    678   1291
    SB uturn      1     40     15
     WB left     61      4     32
    WB right    293    340    359
     WB thru    267    228    288
    WB uturn      0      1      0
-> runs\v2_week1\score_e4ft2x_cam2_study_0700.json
=== E4X e4ctrlx cam2 study_1100 ===
loaded 16 operator channels from the channels table
cam2 GT-free bank — 11:00:00+120min, 5073 usable tracks, agreement rate 41%, bearing-rebinned 60
cell                          n  share straight bearing_res  status
L26->L26 u_turn              80     --       --          --  UTURN_HELDOUT (34/80 reverse, frac 0.42)
L26->L27 right              166     --       --          --  CHANNEL_DIRECT (drawn curve, support 166)
L26->L28 through            351     --       --          --  CHANNEL_DIRECT (drawn curve, support 351)
L26->L29 left                41     --       --          --  CHANNEL_DIRECT (drawn curve, support 41)
L27->L26 left               465     --       --          --  CHANNEL_DIRECT (drawn curve, support 465)
    (u-turn L27->L27 u_turn ADMITTED: 26/35 reverse, frac 0.74)
L27->L27 u_turn              35     --       --          --  CHANNEL_DIRECT (drawn curve, support 35)
L27->L28 right              132     --       --          --  CHANNEL_DIRECT (drawn curve, support 132)
L27->L29 through            629     --       --          --  CHANNEL_DIRECT (drawn curve, support 629)
L28->L26 through            297     --       --          --  CHANNEL_DIRECT (drawn curve, support 297)
L28->L27 left               155     --       --          --  CHANNEL_DIRECT (drawn curve, support 155)
    (u-turn L28->L28 u_turn ADMITTED: 128/208 reverse, frac 0.62)
L28->L28 u_turn             208     --       --          --  CHANNEL_DIRECT (drawn curve, support 208)
L28->L29 right              436     --       --          --  CHANNEL_DIRECT (drawn curve, support 436)
L29->L26 right               82     --       --          --  CHANNEL_DIRECT (drawn curve, support 82)
L29->L27 through            973     --       --          --  CHANNEL_DIRECT (drawn curve, support 973)
L29->L28 left               937     --       --          --  CHANNEL_DIRECT (drawn curve, support 937)
    (u-turn L29->L29 u_turn ADMITTED: 43/86 reverse, frac 0.50)
L29->L29 u_turn              86     --       --          --  CHANNEL_DIRECT (drawn curve, support 86)

wrote data\projects\97a7849a\_replay_scratch\e4_ft2\x_e4ctrlx_study_1100\twopass_bank_cam2_study_1100.json (15 paths) + data\projects\97a7849a\_replay_scratch\e4_ft2\x_e4ctrlx_study_1100\twopass_bank_cam2_study_1100_qa.json
[pass2] cam2 study_1100: tracks=7489 events=4237 insufficient=3154 merge_kept=1550 merged_away=334 out=data\projects\97a7849a\_replay_scratch\e4_ft2\x_e4ctrlx_study_1100\twopass_cam2_study_1100.db (206s)

=== e4ctrlx_cam2_study_1100 (cam2 study_1100, 120 Mio minutes) ===
5/95 cell-bins: V2 38.9% (42/108)  |  PRODUCTION 50.4% (57/113)
        cell    Mio     V2   prod
     EB left    326    151    275
    EB right    351    495    415
     EB thru    176     47     70
    EB uturn      0      0      5
     NB left    450    105    338
    NB right     28      0      2
     NB thru   1105   1198   1329
    NB uturn      5      3     12
     SB left    145    213    190
    SB right    388    400    197
     SB thru   1064    922   1142
    SB uturn      2     15      5
     WB left     63      9     32
    WB right    144    158    196
     WB thru    196    186    217
    WB uturn      0      1      1
-> runs\v2_week1\score_e4ctrlx_cam2_study_1100.json
=== E4X e4ft2x cam2 ft2_study_1100 ===
loaded 16 operator channels from the channels table
cam2 GT-free bank — 11:00:00+120min, 6331 usable tracks, agreement rate 24%, bearing-rebinned 277
cell                          n  share straight bearing_res  status
L26->L26 u_turn             340     --       --          --  UTURN_HELDOUT (100/340 reverse, frac 0.29)
L26->L27 right              178     --       --          --  CHANNEL_DIRECT (drawn curve, support 178)
L26->L28 through            363     --       --          --  CHANNEL_DIRECT (drawn curve, support 363)
L26->L29 left               166     --       --          --  CHANNEL_DIRECT (drawn curve, support 166)
L27->L26 left               610     --       --          --  CHANNEL_DIRECT (drawn curve, support 610)
    (u-turn L27->L27 u_turn ADMITTED: 35/64 reverse, frac 0.55)
L27->L27 u_turn              64     --       --          --  CHANNEL_DIRECT (drawn curve, support 64)
L27->L28 right              166     --       --          --  CHANNEL_DIRECT (drawn curve, support 166)
L27->L29 through            507     --       --          --  CHANNEL_DIRECT (drawn curve, support 507)
L28->L26 through            350     --       --          --  CHANNEL_DIRECT (drawn curve, support 350)
L28->L27 left               177     --       --          --  CHANNEL_DIRECT (drawn curve, support 177)
L28->L28 u_turn             264     --       --          --  UTURN_HELDOUT (126/264 reverse, frac 0.48)
L28->L29 right              422     --       --          --  CHANNEL_DIRECT (drawn curve, support 422)
L29->L26 right              140     --       --          --  CHANNEL_DIRECT (drawn curve, support 140)
L29->L27 through           1572     --       --          --  CHANNEL_DIRECT (drawn curve, support 1572)
L29->L28 left               761     --       --          --  CHANNEL_DIRECT (drawn curve, support 761)
L29->L29 u_turn             251     --       --          --  UTURN_HELDOUT (89/251 reverse, frac 0.35)

wrote data\projects\97a7849a\_replay_scratch\e4_ft2\x_e4ft2x_study_1100\twopass_bank_cam2_ft2_study_1100.json (13 paths) + data\projects\97a7849a\_replay_scratch\e4_ft2\x_e4ft2x_study_1100\twopass_bank_cam2_ft2_study_1100_qa.json
[pass2] cam2 ft2_study_1100: tracks=12721 events=4303 insufficient=8208 merge_kept=1613 merged_away=610 out=data\projects\97a7849a\_replay_scratch\e4_ft2\x_e4ft2x_study_1100\twopass_cam2_ft2_study_1100.db (340s)

=== e4ft2x_cam2_study_1100 (cam2 study_1100, 120 Mio minutes) ===
5/95 cell-bins: V2 36.4% (40/110)  |  PRODUCTION 50.4% (57/113)
        cell    Mio     V2   prod
     EB left    326    143    275
    EB right    351    477    415
     EB thru    176     42     70
    EB uturn      0      1      5
     NB left    450    159    338
    NB right     28      0      2
     NB thru   1105   1217   1329
    NB uturn      5      2     12
     SB left    145    227    190
    SB right    388    394    197
     SB thru   1064    652   1142
    SB uturn      2     32      5
     WB left     63      4     32
    WB right    144    173    196
     WB thru    196    169    217
    WB uturn      0      1      1
-> runs\v2_week1\score_e4ft2x_cam2_study_1100.json
=== E4X e4ctrlx cam2 study_1600 ===
loaded 16 operator channels from the channels table
cam2 GT-free bank — 16:00:00+120min, 7825 usable tracks, agreement rate 36%, bearing-rebinned 54
cell                          n  share straight bearing_res  status
L26->L26 u_turn              89     --       --          --  UTURN_HELDOUT (24/89 reverse, frac 0.27)
L26->L27 right              288     --       --          --  CHANNEL_DIRECT (drawn curve, support 288)
L26->L28 through            302     --       --          --  CHANNEL_DIRECT (drawn curve, support 302)
L26->L29 left                30     --       --          --  CHANNEL_DIRECT (drawn curve, support 30)
L27->L26 left               785     --       --          --  CHANNEL_DIRECT (drawn curve, support 785)
    (u-turn L27->L27 u_turn ADMITTED: 25/43 reverse, frac 0.58)
L27->L27 u_turn              43     --       --          --  CHANNEL_DIRECT (drawn curve, support 43)
L27->L28 right               64     --       --          --  CHANNEL_DIRECT (drawn curve, support 64)
L27->L29 through           1165     --       --          --  CHANNEL_DIRECT (drawn curve, support 1165)
L28->L26 through            491     --       --          --  CHANNEL_DIRECT (drawn curve, support 491)
L28->L27 left               291     --       --          --  CHANNEL_DIRECT (drawn curve, support 291)
    (u-turn L28->L28 u_turn ADMITTED: 169/306 reverse, frac 0.55)
L28->L28 u_turn             306     --       --          --  CHANNEL_DIRECT (drawn curve, support 306)
L28->L29 right             1019     --       --          --  CHANNEL_DIRECT (drawn curve, support 1019)
L29->L26 right               81     --       --          --  CHANNEL_DIRECT (drawn curve, support 81)
L29->L27 through           1344     --       --          --  CHANNEL_DIRECT (drawn curve, support 1344)
L29->L28 left              1398     --       --          --  CHANNEL_DIRECT (drawn curve, support 1398)
L29->L29 u_turn             129     --       --          --  UTURN_HELDOUT (49/129 reverse, frac 0.38)

wrote data\projects\97a7849a\_replay_scratch\e4_ft2\x_e4ctrlx_study_1600\twopass_bank_cam2_study_1600.json (14 paths) + data\projects\97a7849a\_replay_scratch\e4_ft2\x_e4ctrlx_study_1600\twopass_bank_cam2_study_1600_qa.json
[pass2] cam2 study_1600: tracks=11247 events=6971 insufficient=4168 merge_kept=2712 merged_away=270 out=data\projects\97a7849a\_replay_scratch\e4_ft2\x_e4ctrlx_study_1600\twopass_cam2_study_1600.db (215s)

=== e4ctrlx_cam2_study_1600 (cam2 study_1600, 120 Mio minutes) ===
5/95 cell-bins: V2 40.7% (44/108)  |  PRODUCTION 44.0% (48/109)
        cell    Mio     V2   prod
     EB left    496    368    335
    EB right    699    835    784
     EB thru    454    109    240
    EB uturn      1      3      4
     NB left    420    164    373
    NB right     28      1      2
     NB thru   1726   1697   1754
    NB uturn      0      1      2
     SB left    307    552    399
    SB right    341    430    235
     SB thru   2247   1979   2066
    SB uturn     12     60     44
     WB left     55      9     15
    WB right    256    289    338
     WB thru    235    204    244
    WB uturn      0      0      0
-> runs\v2_week1\score_e4ctrlx_cam2_study_1600.json
=== E4X e4ft2x cam2 ft2_study_1600 ===
loaded 16 operator channels from the channels table
cam2 GT-free bank — 16:00:00+120min, 10911 usable tracks, agreement rate 22%, bearing-rebinned 607
cell                          n  share straight bearing_res  status
L26->L26 u_turn             433     --       --          --  UTURN_HELDOUT (136/433 reverse, frac 0.31)
L26->L27 right              301     --       --          --  CHANNEL_DIRECT (drawn curve, support 301)
L26->L28 through            609     --       --          --  CHANNEL_DIRECT (drawn curve, support 609)
L26->L29 left               249     --       --          --  CHANNEL_DIRECT (drawn curve, support 249)
L27->L26 left              1168     --       --          --  CHANNEL_DIRECT (drawn curve, support 1168)
L27->L27 u_turn             141     --       --          --  UTURN_HELDOUT (70/141 reverse, frac 0.50)
L27->L28 right              221     --       --          --  CHANNEL_DIRECT (drawn curve, support 221)
L27->L29 through           1016     --       --          --  CHANNEL_DIRECT (drawn curve, support 1016)
L28->L26 through            687     --       --          --  CHANNEL_DIRECT (drawn curve, support 687)
L28->L27 left               362     --       --          --  CHANNEL_DIRECT (drawn curve, support 362)
L28->L28 u_turn             453     --       --          --  UTURN_HELDOUT (183/453 reverse, frac 0.40)
L28->L29 right              834     --       --          --  CHANNEL_DIRECT (drawn curve, support 834)
L29->L26 right              222     --       --          --  CHANNEL_DIRECT (drawn curve, support 222)
L29->L27 through           2353     --       --          --  CHANNEL_DIRECT (drawn curve, support 2353)
L29->L28 left              1399     --       --          --  CHANNEL_DIRECT (drawn curve, support 1399)
L29->L29 u_turn             463     --       --          --  UTURN_HELDOUT (167/463 reverse, frac 0.36)

wrote data\projects\97a7849a\_replay_scratch\e4_ft2\x_e4ft2x_study_1600\twopass_bank_cam2_ft2_study_1600.json (12 paths) + data\projects\97a7849a\_replay_scratch\e4_ft2\x_e4ft2x_study_1600\twopass_bank_cam2_ft2_study_1600_qa.json
[pass2] cam2 ft2_study_1600: tracks=19826 events=7581 insufficient=11964 merge_kept=3016 merged_away=1100 out=data\projects\97a7849a\_replay_scratch\e4_ft2\x_e4ft2x_study_1600\twopass_cam2_ft2_study_1600.db (508s)

=== e4ft2x_cam2_study_1600 (cam2 study_1600, 120 Mio minutes) ===
5/95 cell-bins: V2 27.0% (30/111)  |  PRODUCTION 44.0% (48/109)
        cell    Mio     V2   prod
     EB left    496    458    335
    EB right    699    793    784
     EB thru    454    114    240
    EB uturn      1      2      4
     NB left    420    260    373
    NB right     28      5      2
     NB thru   1726   1865   1754
    NB uturn      0      6      2
     SB left    307    572    399
    SB right    341    521    235
     SB thru   2247   1324   2066
    SB uturn     12     77     44
     WB left     55      4     15
    WB right    256    318    338
     WB thru    235    162    244
    WB uturn      0      0      0
-> runs\v2_week1\score_e4ft2x_cam2_study_1600.json
E4X_CHAIN_DONE
