H1P1_START oc_study_0700
  tracked 5000 frames (28642 points)...
  tracked 10000 frames (61371 points)...
  tracked 15000 frames (101278 points)...
  tracked 20000 frames (133966 points)...
  tracked 25000 frames (164451 points)...
  tracked 30000 frames (206269 points)...
  tracked 35000 frames (239792 points)...
  tracked 40000 frames (279525 points)...
  tracked 45000 frames (319491 points)...
  tracked 50000 frames (356429 points)...
  tracked 55000 frames (399171 points)...
  tracked 60000 frames (443024 points)...
  tracked 65000 frames (485103 points)...
  tracked 70000 frames (528744 points)...
  tracked 75000 frames (579566 points)...
  tracked 80000 frames (626295 points)...
  tracked 85000 frames (674145 points)...
  tracked 90000 frames (716901 points)...
  tracked 95000 frames (754737 points)...
  tracked 100000 frames (796960 points)...
  tracked 105000 frames (839834 points)...
  tracked 110000 frames (874376 points)...
  tracked 115000 frames (916328 points)...
  tracked 120000 frames (957854 points)...
  tracked 125000 frames (989759 points)...
  tracked 130000 frames (1030892 points)...
  tracked 135000 frames (1070131 points)...
  tracked 140000 frames (1107253 points)...
  tracked 145000 frames (1140453 points)...
  tracked 150000 frames (1186172 points)...
  tracked 155000 frames (1230432 points)...
  tracked 160000 frames (1280011 points)...
  tracked 165000 frames (1328562 points)...
  tracked 170000 frames (1367114 points)...
  tracked 175000 frames (1406837 points)...
  tracked 180000 frames (1447654 points)...
wrote data\projects\97a7849a\detections\2\9446ff1f8376a97e1d7f3021fd27ae69554f93301c8990268a584a8504de4419\oc_study_0700.tracks  (1447654 points, recipe ocsort)
H1P1_DONE oc_study_0700
H1P1_START oc_study_1100
  tracked 5000 frames (49814 points)...
  tracked 10000 frames (96829 points)...
  tracked 15000 frames (148561 points)...
  tracked 20000 frames (192275 points)...
  tracked 25000 frames (242109 points)...
  tracked 30000 frames (291912 points)...
  tracked 35000 frames (340269 points)...
  tracked 40000 frames (389319 points)...
  tracked 45000 frames (437413 points)...
  tracked 50000 frames (489152 points)...
  tracked 55000 frames (542203 points)...
  tracked 60000 frames (591741 points)...
  tracked 65000 frames (644155 points)...
  tracked 70000 frames (696421 points)...
  tracked 75000 frames (754672 points)...
  tracked 80000 frames (806171 points)...
  tracked 85000 frames (854315 points)...
  tracked 90000 frames (916033 points)...
  tracked 95000 frames (975261 points)...
  tracked 100000 frames (1030185 points)...
  tracked 105000 frames (1094628 points)...
  tracked 110000 frames (1148125 points)...
  tracked 115000 frames (1210049 points)...
  tracked 120000 frames (1262710 points)...
  tracked 125000 frames (1328057 points)...
  tracked 130000 frames (1384654 points)...
  tracked 135000 frames (1444917 points)...
  tracked 140000 frames (1500816 points)...
  tracked 145000 frames (1559245 points)...
  tracked 150000 frames (1618647 points)...
  tracked 155000 frames (1675702 points)...
  tracked 160000 frames (1732019 points)...
  tracked 165000 frames (1788091 points)...
  tracked 170000 frames (1838478 points)...
  tracked 175000 frames (1888833 points)...
  tracked 180000 frames (1938751 points)...
wrote data\projects\97a7849a\detections\2\9446ff1f8376a97e1d7f3021fd27ae69554f93301c8990268a584a8504de4419\oc_study_1100.tracks  (1938751 points, recipe ocsort)
H1P1_DONE oc_study_1100
H1P1_START oc_study_1600
  tracked 5000 frames (54999 points)...
  tracked 10000 frames (115054 points)...
  tracked 15000 frames (169627 points)...
  tracked 20000 frames (229061 points)...
  tracked 25000 frames (284635 points)...
  tracked 30000 frames (343109 points)...
  tracked 35000 frames (396928 points)...
  tracked 40000 frames (449081 points)...
  tracked 45000 frames (507452 points)...
  tracked 50000 frames (571790 points)...
  tracked 55000 frames (628454 points)...
  tracked 60000 frames (687480 points)...
  tracked 65000 frames (732043 points)...
  tracked 70000 frames (778935 points)...
  tracked 75000 frames (826983 points)...
  tracked 80000 frames (876629 points)...
  tracked 85000 frames (920036 points)...
  tracked 90000 frames (971350 points)...
  tracked 95000 frames (1018431 points)...
  tracked 100000 frames (1067399 points)...
  tracked 105000 frames (1119930 points)...
  tracked 110000 frames (1166550 points)...
  tracked 115000 frames (1216472 points)...
  tracked 120000 frames (1262736 points)...
  tracked 125000 frames (1309219 points)...
  tracked 130000 frames (1354648 points)...
  tracked 135000 frames (1404630 points)...
  tracked 140000 frames (1451036 points)...
  tracked 145000 frames (1503106 points)...
  tracked 150000 frames (1546672 points)...
  tracked 155000 frames (1599763 points)...
  tracked 160000 frames (1652367 points)...
  tracked 165000 frames (1702092 points)...
  tracked 170000 frames (1748787 points)...
  tracked 175000 frames (1793706 points)...
  tracked 180000 frames (1836960 points)...
wrote data\projects\97a7849a\detections\2\9446ff1f8376a97e1d7f3021fd27ae69554f93301c8990268a584a8504de4419\oc_study_1600.tracks  (1836960 points, recipe ocsort)
H1P1_DONE oc_study_1600
H1P1_CHAIN_DONE
